// Jest Snapshot v1, https://goo.gl/fbAQLP

exports[`<CategoryItem /> should render correctly in "debug" mode 1`] = `
<section
  className="CategoryItem"
  data-cy="CategoryItem"
>
  <Link
    data-cy="CategoryItem-link"
    to="/category/1234"
  >
     
    Mocked Name
     
  </Link>
</section>
`;
