// Jest Snapshot v1, https://goo.gl/fbAQLP

exports[`<FullMovie /> should render correctly in "debug" mode 1`] = `
<section
  className="FullMovie"
>
  <header
    className="FullMovie__header"
  >
    <picture>
      <img
        src="https://image.tmdb.org/t/p/w500/mocked_poster"
      />
    </picture>
    <section
      className="FullMovie__info"
    >
      <h2>
         
        mocked_title
         
      </h2>
      <h4>
         Rating: 
        2
         
      </h4>
      <button
        className="FullMovie__add-button"
      >
        Buy Item
      </button>
    </section>
  </header>
  <section
    className="FullMovie__description"
  >
    <p>
       
      mocked_overview
       
    </p>
  </section>
  <h3>
     Features 
  </h3>
  <ul
    className="FullMovie__features"
  >
    <li>
       
      <b>
        Production Companies:
      </b>
       
      Company 1, Company 2
       
    </li>
    <li>
       
      <b>
        Production Countries:
      </b>
       
      Country 1, Country 2
       
    </li>
    <li>
       
      <b>
        Status:
      </b>
       
      Released
       
    </li>
    <li>
       
      <b>
        Budget:
      </b>
       
      123456789
       
    </li>
    <li>
       
      <b>
        Only Adult:
      </b>
       
      No
       
    </li>
    <li>
       
      <b>
        Release Date:
      </b>
       
      17-2-2019
       
    </li>
  </ul>
</section>
`;
