// Jest Snapshot v1, https://goo.gl/fbAQLP

exports[`<Category /> should render correctly in "debug" mode 1`] = `
<section
  className="Category"
>
  <Memo(HandlerLoaders)
    error={false}
    loading={false}
    onTryAgain={[Function]}
  >
    <ul
      className="Category__list"
    />
  </Memo(HandlerLoaders)>
</section>
`;
