// Jest Snapshot v1, https://goo.gl/fbAQLP

exports[`<Home /> should render correctly in "debug" mode 1`] = `
<main
  className="Home"
>
  <Memo(HandlerLoaders)
    error={false}
    loading={false}
    onTryAgain={[Function]}
  >
    <ul
      className="Home__list"
    />
  </Memo(HandlerLoaders)>
</main>
`;
