// Jest Snapshot v1, https://goo.gl/fbAQLP

exports[`<Movie /> should render correctly in "debug" mode 1`] = `
<main
  className="Movie"
>
  <Memo(HandlerLoaders)
    error={false}
    loading={false}
    onTryAgain={[Function]}
  >
    <Memo(FullMovie)
      added={false}
      movie={Object {}}
      onAdd={[Function]}
      onRemove={[Function]}
    />
  </Memo(HandlerLoaders)>
</main>
`;
